#-----------------------------------------------------------
# Vivado v2022.2 (64-bit)
# SW Build 3671981 on Fri Oct 14 05:00:03 MDT 2022
# IP Build 3669848 on Fri Oct 14 08:30:02 MDT 2022
# Start of session at: Sun May 19 21:03:22 2024
# Process ID: 16396
# Current directory: C:/Users/maria/Desktop/MIPS_ciclu_unic_functional/test_env
# Command line: vivado.exe -gui_launcher_event rodinguilauncherevent13972 C:\Users\maria\Desktop\MIPS_ciclu_unic_functional\test_env\test_env.xpr
# Log file: C:/Users/maria/Desktop/MIPS_ciclu_unic_functional/test_env/vivado.log
# Journal file: C:/Users/maria/Desktop/MIPS_ciclu_unic_functional/test_env\vivado.jou
# Running On: Marian_Laptop, OS: Windows, CPU Frequency: 3194 MHz, CPU Physical cores: 16, Host memory: 16541 MB
#-----------------------------------------------------------
start_gui
open_project C:/Users/maria/Desktop/MIPS_ciclu_unic_functional/test_env/test_env.xpr
update_compile_order -fileset sources_1
reset_run synth_1
launch_runs impl_1 -to_step write_bitstream -jobs 8
wait_on_run impl_1
open_hw_manager
connect_hw_server -allow_non_jtag
open_hw_target
set_property PROGRAM.FILE {C:/Users/maria/Desktop/MIPS_ciclu_unic_functional/test_env/test_env.runs/impl_1/test_env.bit} [get_hw_devices xc7a100t_0]
current_hw_device [get_hw_devices xc7a100t_0]
refresh_hw_device -update_hw_probes false [lindex [get_hw_devices xc7a100t_0] 0]
set_property PROBES.FILE {} [get_hw_devices xc7a100t_0]
set_property FULL_PROBES.FILE {} [get_hw_devices xc7a100t_0]
set_property PROGRAM.FILE {C:/Users/maria/Desktop/MIPS_ciclu_unic_functional/test_env/test_env.runs/impl_1/test_env.bit} [get_hw_devices xc7a100t_0]
program_hw_devices [get_hw_devices xc7a100t_0]
refresh_hw_device [lindex [get_hw_devices xc7a100t_0] 0]
